<html>
<body>
<pre>
<h1>µVision Build Log</h1>
<h2>Tool Versions:</h2>
IDE-Version: ¦ÌVision V5.18.0.0
Copyright (C) 2016 ARM Ltd and ARM Germany GmbH. All rights reserved.
License Information: LJ,  , LIC=SDA0P-MN8IQ-9U44U-SYVAC-TY5ST-4SV3P
 
Tool Versions:
Toolchain:       MDK-ARM Standard  Version: 5.18
Toolchain Path:  D:\Keil MDK\ARM\ARMCC\Bin
C Compiler:      Armcc.exe V5.06 update 1 (build 61)
Assembler:       Armasm.exe V5.06 update 1 (build 61)
Linker/Locator:  ArmLink.exe V5.06 update 1 (build 61)
Library Manager: ArmAr.exe V5.06 update 1 (build 61)
Hex Converter:   FromElf.exe V5.06 update 1 (build 61)
CPU DLL:         SARMCM3.DLL V5.18
Dialog DLL:      DCM.DLL V1.13.6.0
Target DLL:      UL2CM3.DLL V1.157.5.0
Dialog DLL:      TCM.DLL V1.14.8.0
 
<h2>Project:</h2>
C:\Users\LJ\Desktop\Team1\USER\HC05.uvprojx
Project File Date:  11/21/2020

<h2>Output:</h2>
*** Using Compiler 'V5.06 update 1 (build 61)', folder: 'D:\Keil MDK\ARM\ARMCC\Bin'
Rebuild target 'HC05'
compiling led.c...
compiling stm32f10x_it.c...
compiling system_stm32f10x.c...
compiling timer.c...
compiling usart3.c...
compiling control.c...
compiling main.c...
assembling startup_stm32f10x_hd.s...
compiling core_cm3.c...
compiling delay.c...
compiling misc.c...
compiling usart.c...
compiling hc05.c...
compiling stm32f10x_fsmc.c...
compiling sys.c...
compiling stm32f10x_gpio.c...
compiling stm32f10x_usart.c...
compiling stm32f10x_dma.c...
compiling stm32f10x_rcc.c...
compiling usmart_config.c...
compiling usmart.c...
compiling usmart_str.c...
compiling stm32f10x_tim.c...
linking...
Program Size: Code=20812 RO-data=1004 RW-data=388 ZI-data=3036  
FromELF: creating hex file...
"..\OBJ\ATK-HC05.axf" - 0 Error(s), 0 Warning(s).

<h2>Collection of Component include folders:</h2>
  C:\Users\LJ\Desktop\Team1\USER\RTE
  D:\Keil MDK\ARM\PACK\Keil\STM32F1xx_DFP\2.3.0\Device\Include

<h2>Collection of Component Files used:</h2>
Build Time Elapsed:  00:00:02
</pre>
</body>
</html>
